###########################################################################################################
#  MongoDB: Connect to a MongoDB Database Using Node.js (MongoClient)   [Lauren Schaefer]         
#  https://www.mongodb.com/blog/post/quick-start-nodejs-mongodb-how-to-get-connected-to-your-database 
###########################################################################################################


### RUN ####
$ node demo.js [to Displays all dbs]

++++++++++++++++++++++++++++++++++++++++++++++++++++++++++++++++++++++++++++++++++++++++++++++++++++++++
+  Connecting & CRUD Operations (Part 1 of 4) 
+  https://www.mongodb.com/blog/post/quick-start-nodejs-mongodb-how-to-get-connected-to-your-database
+  https://youtu.be/fbYExfeFsI0
++++++++++++++++++++++++++++++++++++++++++++++++++++++++++++++++++++++++++++++++++++++++++++++++++++++++

$ node -v
$ npm i mongodb
$ npm list mongod
$ touch demo.js


# Refresh dependencies
$ npm install

``
const { MongoClient } = require('mongodb');

async  function main(){

    const uri = "mongodb+srv://<user>:<Pwd>@<cluster>/sample_training?retryWrites=true&w=majority";

    const client = new MongoClient(uri);

    try {
        await client.connect();    
    } catch (error) {
        console.error(error);
    }
    finally {
        await client.close();
    }
}

main().catch(console.error);
``
$ node demo.js  [No message]

_________________________________
``
...     await client.connect();  
        await listDatabases(client);
...

async function listDatabases(client) {
    const databasesList = await client.db().admin().listDatabases();
    console.log('Databases:');
    databasesList.databases.forEach(db => {
        console.log(`- ${db.name}`);
    });
}
``
$ node <fileName>.js [Displays all dbs]
_________________________________


++++++++++++++++++++++++++++++++++++++++++++++++++++++++++++++++++++++++++++++++++++++++++++++++++++++++
+  Aggregation & Data Analysis (Part 2 of 4) 
+  https://www.mongodb.com/developer/quickstart/node-aggregation-framework/
+  https://www.youtube.com/watch?v=iz37fDe1XoM
++++++++++++++++++++++++++++++++++++++++++++++++++++++++++++++++++++++++++++++++++++++++++++++++++++++++

 + aggregationDemo.js  ($match > $group > $sort > $limit ) using AtlasUI  aggregation tab
 + Import (require) constant without installing dotenv (.env)


++++++++++++++++++++++++++++++++++++++++++++++++++++++++++++++++++++++++++++++++++++++++++++++++++++++++
+  Create an ACID Transaction (Part 3 of 4) [Atomicity, Consistency, Isolation, Durability]
+  https://www.mongodb.com/developer/quickstart/node-transactions/
+  https://www.youtube.com/watch?v=bdS03tgD2QQ
++++++++++++++++++++++++++++++++++++++++++++++++++++++++++++++++++++++++++++++++++++++++++++++++++++++++

? transactions are now supported on Standalone Deployments (community, docker etc.)
 + usersCollection.js creates new collection on sample_airbnb, and creates Index for email
 